// Jest Snapshot v1, https://goo.gl/fbAQLP

exports[`Home Container Renders 1`] = `
<Home>
  <div>
    <h2>
      Home
    </h2>
    <p>
      Bacon ipsum dolor amet frankfurter hamburger picanha porchetta chuck. Doner salami burgdoggen ball tip, short loin meatloaf andouille pork belly picanha sirloin pancetta. Strip steak chicken drumstick jowl burgdoggen buffalo tongue cupim kevin capicola doner andouille bresaola ground round. Brisket cow jowl salami prosciutto short ribs fatback pork loin spare ribs burgdoggen turducken chuck.
    </p>
    <p>
      Turducken short ribs turkey biltong venison short loin ham hock bacon sirloin filet mignon pancetta beef. Strip steak tail tongue, short loin chicken shoulder short ribs buffalo. Burgdoggen ham hock turducken, picanha pork tail bresaola alcatra tongue bacon. Ribeye bresaola pancetta, filet mignon pork fatback prosciutto swine turducken shoulder capicola. Prosciutto biltong short ribs capicola spare ribs filet mignon pastrami. Burgdoggen biltong andouille alcatra brisket.
    </p>
  </div>
</Home>
`;

exports[`Home Page Renders 1`] = `
<Home>
  <div>
    <h2>
      Home
    </h2>
    <p>
      Bacon ipsum dolor amet frankfurter hamburger picanha porchetta chuck. Doner salami burgdoggen ball tip, short loin meatloaf andouille pork belly picanha sirloin pancetta. Strip steak chicken drumstick jowl burgdoggen buffalo tongue cupim kevin capicola doner andouille bresaola ground round. Brisket cow jowl salami prosciutto short ribs fatback pork loin spare ribs burgdoggen turducken chuck.
    </p>
    <p>
      Turducken short ribs turkey biltong venison short loin ham hock bacon sirloin filet mignon pancetta beef. Strip steak tail tongue, short loin chicken shoulder short ribs buffalo. Burgdoggen ham hock turducken, picanha pork tail bresaola alcatra tongue bacon. Ribeye bresaola pancetta, filet mignon pork fatback prosciutto swine turducken shoulder capicola. Prosciutto biltong short ribs capicola spare ribs filet mignon pastrami. Burgdoggen biltong andouille alcatra brisket.
    </p>
  </div>
</Home>
`;
